#-----------------------------------------------------------
# Vivado v2020.2 (64-bit)
# SW Build 3064766 on Wed Nov 18 09:12:47 MST 2020
# IP Build 3064653 on Wed Nov 18 14:17:31 MST 2020
# Start of session at: Tue Apr 20 19:34:17 2021
# Process ID: 5384
# Current directory: /home/henry/Repos/CT-ECE5727-SP21
# Command line: vivado
# Log file: /home/henry/Repos/CT-ECE5727-SP21/vivado.log
# Journal file: /home/henry/Repos/CT-ECE5727-SP21/vivado.jou
#-----------------------------------------------------------
start_gui
open_project /home/henry/Repos/CT-ECE5727-SP21/Lab3/Vivado/Lab3.xpr
update_compile_order -fileset sources_1
launch_simulation
source tbird_tb.tcl
relaunch_sim
relaunch_sim
relaunch_sim
run .25 us
run .25 us
run .25 us
run .25 us
relaunch_sim
relaunch_sim
relaunch_sim
run .25 us
run .25 us
run .25 ms
relaunch_sim
run .25 s
relaunch_sim
run .25 s
relaunch_sim
run .25 ms
relaunch_sim
relaunch_sim
relaunch_sim
run .25 us
run .75 us
relaunch_sim
run 1 us
run 1 us
run 1 us
run 1 us
run 1 us
run 1 us
run 1 us
relaunch_sim
run 3 us
run 3 us
run 3 us
run 3 us
run 3 us
run 3 us
run 3 us
run 3 us
run 3 us
run 3 us
relaunch_sim
run 10 us
relaunch_sim
run 10 us
relaunch_sim
run 10 us
run 10 us
relaunch_sim
run 10 us
relaunch_sim
run 6.5 us
relaunch_sim
run 6.0 us
launch_runs impl_1 -jobs 2
wait_on_run impl_1
open_run impl_1
close_sim
